
> agentvoice-frontend@0.0.0 build
> tsc && vite build

[36mvite v5.4.19 [32mbuilding for production...[36m[39m
transforming...
Browserslist: browsers data (caniuse-lite) is 8 months old. Please run:
  npx update-browserslist-db@latest
  Why you should do it regularly: https://github.com/browserslist/update-db#readme

[1m[33mwarn[39m[22m - The class `duration-[350ms]` is ambiguous and matches multiple utilities.
[1m[33mwarn[39m[22m - If this is content and not a class, replace it with `duration-&lsqb;350ms&rsqb;` to silence this warning.

[1m[33mwarn[39m[22m - The class `duration-[800ms]` is ambiguous and matches multiple utilities.
[1m[33mwarn[39m[22m - If this is content and not a class, replace it with `duration-&lsqb;800ms&rsqb;` to silence this warning.

[1m[33mwarn[39m[22m - The class `ease-[cubic-bezier(0.22,1,0.36,1)]` is ambiguous and matches multiple utilities.
[1m[33mwarn[39m[22m - If this is content and not a class, replace it with `ease-&lsqb;cubic-bezier(0.22,1,0.36,1)&rsqb;` to silence this warning.
[32m✓[39m 3313 modules transformed.
rendering chunks...
computing gzip size...
[2mdist/[22m[32massets/favicon-BSDwPkKC.svg        [39m[1m[2m    0.55 kB[22m[1m[22m[2m │ gzip:   0.34 kB[22m
[2mdist/[22m[32mindex.html                         [39m[1m[2m    3.00 kB[22m[1m[22m[2m │ gzip:   1.09 kB[22m
[2mdist/[22m[32massets/forskale-logo-Bseavz4M.png  [39m[1m[2m   83.16 kB[22m[1m[22m
[2mdist/[22m[35massets/index-dKMuOAzv.css          [39m[1m[2m  246.36 kB[22m[1m[22m[2m │ gzip:  34.52 kB[22m
[2mdist/[22m[36massets/router-CcIMiXs8.js          [39m[1m[2m   21.48 kB[22m[1m[22m[2m │ gzip:   7.96 kB[22m
[2mdist/[22m[36massets/ui-CQUPSg9E.js              [39m[1m[2m   73.89 kB[22m[1m[22m[2m │ gzip:  15.55 kB[22m
[2mdist/[22m[36massets/forms-DoOGu3rT.js           [39m[1m[2m   76.99 kB[22m[1m[22m[2m │ gzip:  20.95 kB[22m
[2mdist/[22m[36massets/utils-0pKgfUKG.js           [39m[1m[2m  123.21 kB[22m[1m[22m[2m │ gzip:  40.20 kB[22m
[2mdist/[22m[36massets/vendor-CTke1Foc.js          [39m[1m[2m  141.87 kB[22m[1m[22m[2m │ gzip:  45.60 kB[22m
[2mdist/[22m[36massets/charts-aUjcKjrN.js          [39m[1m[2m  381.84 kB[22m[1m[22m[2m │ gzip: 105.22 kB[22m
[2mdist/[22m[36massets/index-CbZ9nr5-.js           [39m[1m[33m3,017.65 kB[39m[22m[2m │ gzip: 712.58 kB[22m
[33m
(!) Some chunks are larger than 500 kB after minification. Consider:
- Using dynamic import() to code-split the application
- Use build.rollupOptions.output.manualChunks to improve chunking: https://rollupjs.org/configuration-options/#output-manualchunks
- Adjust chunk size limit for this warning via build.chunkSizeWarningLimit.[39m
[32m✓ built in 1m 53s[39m
