src/components/mockflow-atlas/ContactCard.tsx(11,3): error TS6133: 'Star' is declared but its value is never read.
src/components/mockflow-atlas/ContactCard.tsx(32,102): error TS6133: 'getSectionBadge' is declared but its value is never read.
src/components/mockflow-atlas/ContactCard.tsx(538,9): error TS6133: 't' is declared but its value is never read.
src/components/mockflow-atlas/ContactCard.tsx(558,9): error TS6133: 'interestPercent' is declared but its value is never read.
src/components/mockflow-atlas/ContactCard.tsx(604,29): error TS6133: 'linkedinUrl' is declared but its value is never read.
src/components/mockflow-atlas/ContactCard.tsx(1359,3): error TS6133: 'navigate' is declared but its value is never read.
src/components/mockflow-atlas/ContactCard.tsx(2079,10): error TS6133: 'CoachPanelContent' is declared but its value is never read.
src/components/mockflow-atlas/ContactCard.tsx(2124,3): error TS6133: 'miniCardExpanded' is declared but its value is never read.
src/components/mockflow-atlas/ContactCard.tsx(2125,3): error TS6133: 'onToggleMiniCard' is declared but its value is never read.
src/components/mockflow-atlas/ContactCard.tsx(2129,3): error TS6133: 'onSwitchParticipant' is declared but its value is never read.
src/components/mockflow-atlas/ContactCard.tsx(2144,10): error TS6133: 'openSections' is declared but its value is never read.
src/components/mockflow-atlas/ContactCard.tsx(2152,9): error TS6133: 'toggleSection' is declared but its value is never read.
src/components/mockflow-atlas/ContactCard.tsx(2309,10): error TS6133: 'PrepItem' is declared but its value is never read.
src/components/mockflow-atlas/ContactCard.tsx(2335,10): error TS6133: 'CollapsibleSection' is declared but its value is never read.
src/components/mockflow-atlas/DealStageIndicator.tsx(2,1): error TS6133: 'cn' is declared but its value is never read.
src/components/mockflow-atlas/DealStageIndicator.tsx(34,3): error TS6133: 'isAnimated' is declared but its value is never read.
src/components/mockflow-atlas/EnrichedProfileCard.tsx(317,10): error TS6133: 'CopyableScript' is declared but its value is never read.
src/components/mockflow-atlas/EnrichedProfileCard.tsx(336,10): error TS6133: 'RiskIcon' is declared but its value is never read.
src/components/mockflow-atlas/EnrichedProfileCard.tsx(557,3): error TS6133: 'participants' is declared but its value is never read.
src/components/mockflow-atlas/EnrichmentModal.tsx(85,9): error TS6133: 'participantInitials' is declared but its value is never read.
src/components/strategy/AnalyzeSection.tsx(3,1): error TS6133: 'cn' is declared but its value is never read.
src/components/strategy/DealCardRail.tsx(2,28): error TS6133: 'ChevronRight' is declared but its value is never read.
src/components/strategy/DealCardRail.tsx(2,42): error TS6133: 'Briefcase' is declared but its value is never read.
src/components/strategy/DealContext.tsx(3,34): error TS6133: 'MessageSquare' is declared but its value is never read.
src/components/strategy/DealContext.tsx(3,49): error TS6133: 'FileText' is declared but its value is never read.
src/components/strategy/DealContext.tsx(4,3): error TS6133: 'CheckCircle2' is declared but its value is never read.
src/components/strategy/DealContext.tsx(4,17): error TS6133: 'XCircle' is declared but its value is never read.
src/components/strategy/DealContext.tsx(4,41): error TS6133: 'Clock' is declared but its value is never read.
src/components/strategy/DealContext.tsx(4,48): error TS6133: 'Shield' is declared but its value is never read.
src/components/strategy/DealContext.tsx(4,56): error TS6133: 'TrendingUp' is declared but its value is never read.
src/components/strategy/DealContext.tsx(39,7): error TS6133: 'objectionStatusColors' is declared but its value is never read.
src/components/strategy/DealContext.tsx(45,7): error TS6133: 'commitmentStatusColors' is declared but its value is never read.
src/components/strategy/InterestMonitoring.tsx(2,16): error TS6133: 'TrendingUp' is declared but its value is never read.
src/components/strategy/InterestMonitoring.tsx(19,89): error TS6133: 'interestVelocity' is declared but its value is never read.
src/components/strategy/PersonalizedAttentionBanner.tsx(2,35): error TS6133: 'Brain' is declared but its value is never read.
src/components/strategy/RevenueDashboard.tsx(3,1): error TS6133: 'cn' is declared but its value is never read.
src/components/strategy/RevenueDashboard.tsx(6,1): error TS6192: All imports in import declaration are unused.
src/components/strategy/RevenueDashboard.tsx(14,51): error TS6133: 'blurred' is declared but its value is never read.
src/components/strategy/RevenueDashboard.tsx(43,9): error TS6133: 'totalValue' is declared but its value is never read.
src/components/strategy/RevenueDashboard.tsx(45,9): error TS6133: 'lostValue' is declared but its value is never read.
src/components/strategy/RevenueDashboard.tsx(47,9): error TS6133: 'stageDistribution' is declared but its value is never read.
src/components/strategy/RevenueDashboard.tsx(62,9): error TS6133: 'cards' is declared but its value is never read.
src/components/strategy/StrategicRecommendations.tsx(5,1): error TS6133: 'getCognitiveState' is declared but its value is never read.
